// Jest Snapshot v1, https://goo.gl/fbAQLP

exports[`release issue text should generate issue text 1`] = `
"## Release Details

###### Edit the changelogs in the comments below and tick the checkboxes to release to each individual environment.

#### New Features
- [new feature](https://github.com/onezerocompany/coding/commit/1234567890) (project)

Created from release: [0.0.1](https://github.com/onezerocompany/coding/releases/tag/0.0.1)

<!-- JSON BEGINeyJlbnZpcm9ubWVudHMiOlt7ImlkIjoiZmlyZWJhc2UiLCJuZWVkcyI6W10sImdpdGh1Yl9uYW1lIjoiRmlyZWJhc2UiLCJkZXBsb3llZCI6ZmFsc2UsInR5cGUiOiJmaXJlYmFzZS1ob3N0aW5nIiwiY2hhbmdlbG9nIjp7ImdlbmVyYXRlIjp0cnVlLCJoZWFkZXJzIjpbXSwiZm9vdGVycyI6W119LCJjaGFuZ2Vsb2dfdGV4dCI6IiIsImNvbW1lbnRfY29udGVudCI6IiJ9XSwiY29tbWl0cyI6W3siaGFzaCI6IjEyMzQ1Njc4OTAiLCJtZXNzYWdlIjp7ImZpbGVzIjpbXSwiY2F0ZWdvcnkiOiJmZWF0L25ldyIsInNjb3BlIjoicHJvamVjdCIsInN1YmplY3QiOiJuZXcgZmVhdHVyZSIsIm1lc3NhZ2VCb2R5IjoiIiwiYnJlYWtpbmciOmZhbHNlLCJpc3N1ZXMiOltdLCJjb0F1dGhvcnMiOltdLCJzaWduZWRPZmYiOiIifX1dfQ==JSON END -->"
`;
