// Jest Snapshot v1, https://goo.gl/fbAQLP

exports[`release issue text should generate issue text 1`] = `
"## Release Details

###### Edit the changelogs in the comments below and tick the checkboxes to release to each individual environment.

#### New Features
- [new feature](https://github.com/onezerocompany/coding/commit/1234567890) (project)

Created from release: [0.0.1](https://github.com/onezerocompany/coding/releases/tag/0.0.1)

<!-- JSON BEGIN::eyJlbnZpcm9ubWVudHMiOlt7ImlkIjoiZmlyZWJhc2UiLCJuZWVkcyI6W10sImdpdGh1Yl9uYW1lIjoiRmlyZWJhc2UiLCJkZXBsb3llZCI6ZmFsc2UsImRpZF9kZXBsb3kiOmZhbHNlLCJ0eXBlIjoiZmlyZWJhc2UtaG9zdGluZyIsImNoYW5nZWxvZyI6eyJnZW5lcmF0ZSI6dHJ1ZSwiaGVhZGVycyI6W10sImZvb3RlcnMiOltdfSwiY2hhbmdlbG9nX3RleHQiOiIiLCJjb21tZW50X2NvbnRlbnQiOiIifV0sImNvbW1pdHMiOlt7Imhhc2giOiIxMjM0NTY3ODkwIiwibWVzc2FnZSI6eyJmaWxlcyI6W10sImNhdGVnb3J5IjoiZmVhdC9uZXciLCJzY29wZSI6InByb2plY3QiLCJzdWJqZWN0IjoibmV3IGZlYXR1cmUiLCJtZXNzYWdlQm9keSI6IiIsImJyZWFraW5nIjpmYWxzZSwiaXNzdWVzIjpbXSwiY29BdXRob3JzIjpbXSwic2lnbmVkT2ZmIjoiIn19XX0=::JSON END -->"
`;
