// Jest Snapshot v1, https://goo.gl/fbAQLP

exports[`release issue text should generate issue text 1`] = `
"## Release Details

###### Edit the changelogs in the comments below and tick the checkboxes to release to each individual environment.

#### New Features
- [new feature](https://github.com/onezerocompany/coding/commit/1234567890) (project)

Created from release: [0.0.1](https://github.com/onezerocompany/coding/releases/tag/0.0.1)

<!-- JSON BEGIN{\\"environments\\":[{\\"id\\":\\"firebase\\",\\"needs\\":[],\\"github_name\\":\\"Firebase\\",\\"deployed\\":false,\\"type\\":\\"firebase-hosting\\",\\"changelog\\":{\\"generate\\":true,\\"headers\\":[],\\"footers\\":[]},\\"changelog_text\\":\\"\\",\\"comment_content\\":\\"\\"}],\\"commits\\":[{\\"hash\\":\\"1234567890\\",\\"message\\":{\\"files\\":[],\\"category\\":\\"feat/new\\",\\"scope\\":\\"project\\",\\"subject\\":\\"new feature\\",\\"messageBody\\":\\"\\",\\"breaking\\":false,\\"issues\\":[],\\"coAuthors\\":[],\\"signedOff\\":\\"\\"}}]}JSON END -->"
`;
